// Jest Snapshot v1, https://goo.gl/fbAQLP

exports[`structure data should merge Overlapping Intervals 1`] = `
[
  {
    "category": "STRUCTURE_COVERAGE",
    "end": 0,
    "start": 0,
    "structures": [
      {
        "description": "Method: X-ray. Resolution: 1.50 A. ",
        "end": 0,
        "source": {
          "id": "1AAP",
          "url": "http://www.ebi.ac.uk/pdbe-srv/view/entry/1AAP",
        },
        "start": 0,
      },
    ],
    "type": "PDBE_COVER",
  },
  {
    "category": "STRUCTURE_COVERAGE",
    "end": 711,
    "start": 672,
    "structures": [
      {
        "description": "Method: NMR. Chains: A=672-699. ",
        "end": 699,
        "source": {
          "id": "1AMB",
          "url": "http://www.ebi.ac.uk/pdbe-srv/view/entry/1AMB",
        },
        "start": 672,
      },
      {
        "description": "Method: NMR. Chains: A=672-699. ",
        "end": 699,
        "source": {
          "id": "1AMC",
          "url": "http://www.ebi.ac.uk/pdbe-srv/view/entry/1AMC",
        },
        "start": 672,
      },
      {
        "description": "Method: NMR. Chains: A=672-711. ",
        "end": 711,
        "source": {
          "id": "1AML",
          "url": "http://www.ebi.ac.uk/pdbe-srv/view/entry/1AML",
        },
        "start": 672,
      },
      {
        "description": "Method: NMR. Chains: A=672-711. ",
        "end": 711,
        "source": {
          "id": "1BA4",
          "url": "http://www.ebi.ac.uk/pdbe-srv/view/entry/1BA4",
        },
        "start": 672,
      },
    ],
    "type": "PDBE_COVER",
  },
]
`;

exports[`structure data should turn structures into features 1`] = `
[
  {
    "category": "STRUCTURE_COVERAGE",
    "end": 0,
    "start": 0,
    "structures": [
      {
        "description": "Method: X-ray. Resolution: 1.50 A. ",
        "end": 0,
        "source": {
          "id": "1AAP",
          "url": "http://www.ebi.ac.uk/pdbe-srv/view/entry/1AAP",
        },
        "start": 0,
      },
    ],
    "type": "PDBE_COVER",
  },
  {
    "category": "STRUCTURE_COVERAGE",
    "end": 699,
    "start": 672,
    "structures": [
      {
        "description": "Method: NMR. Chains: A=672-699. ",
        "end": 699,
        "source": {
          "id": "1AMB",
          "url": "http://www.ebi.ac.uk/pdbe-srv/view/entry/1AMB",
        },
        "start": 672,
      },
    ],
    "type": "PDBE_COVER",
  },
  {
    "category": "STRUCTURE_COVERAGE",
    "end": 699,
    "start": 672,
    "structures": [
      {
        "description": "Method: NMR. Chains: A=672-699. ",
        "end": 699,
        "source": {
          "id": "1AMC",
          "url": "http://www.ebi.ac.uk/pdbe-srv/view/entry/1AMC",
        },
        "start": 672,
      },
    ],
    "type": "PDBE_COVER",
  },
  {
    "category": "STRUCTURE_COVERAGE",
    "end": 711,
    "start": 672,
    "structures": [
      {
        "description": "Method: NMR. Chains: A=672-711. ",
        "end": 711,
        "source": {
          "id": "1AML",
          "url": "http://www.ebi.ac.uk/pdbe-srv/view/entry/1AML",
        },
        "start": 672,
      },
    ],
    "type": "PDBE_COVER",
  },
  {
    "category": "STRUCTURE_COVERAGE",
    "end": 711,
    "start": 672,
    "structures": [
      {
        "description": "Method: NMR. Chains: A=672-711. ",
        "end": 711,
        "source": {
          "id": "1BA4",
          "url": "http://www.ebi.ac.uk/pdbe-srv/view/entry/1BA4",
        },
        "start": 672,
      },
    ],
    "type": "PDBE_COVER",
  },
]
`;
